map game_map
{
    room 0
    {
        src = assets/images/rooms/template.png
        ceiling = 0
        item_id = -1
        sky_colour = 0.992157,0.976471,0.949020
        room_colour = 1.000000,0.870588,0.615686
        wall 
        {
            direction = 0
            door = 0
            locked = 0
        }
        wall 
        {
            direction = 3
            door = 0
            locked = 0
        }
    }
    room 1
    {
        src = assets/images/rooms/template.png
        ceiling = 0
        item_id = -1
        sky_colour = 0.992157,0.976471,0.949020
        room_colour = 1.000000,0.870588,0.615686
        wall 
        {
            direction = 0
            door = 0
            locked = 0
        }
        wall 
        {
            direction = 2
            door = 0
            locked = 0
        }
    }
    room 2
    {
        src = assets/images/rooms/template.png
        ceiling = 0
        item_id = -1
        sky_colour = 0.992157,0.976471,0.949020
        room_colour = 1.000000,0.870588,0.615686
        wall 
        {
            direction = 0
            door = 0
            locked = 0
        }
        wall 
        {
            direction = 2
            door = 0
            locked = 0
        }
    }
    room 3
    {
        src = assets/images/rooms/template.png
        ceiling = 0
        item_id = -1
        sky_colour = 0.992157,0.976471,0.949020
        room_colour = 1.000000,0.870588,0.615686
        wall 
        {
            direction = 0
            door = 0
            locked = 0
        }
        wall 
        {
            direction = 2
            door = 1
            locked = 0
        }
    }
    room 4
    {
        src = assets/images/rooms/template.png
        ceiling = 0
        item_id = -1
        sky_colour = 0.992157,0.976471,0.949020
        room_colour = 1.000000,0.870588,0.615686
        wall 
        {
            direction = 0
            door = 0
            locked = 0
        }
        wall 
        {
            direction = 2
            door = 0
            locked = 0
        }
    }
    room 5
    {
        src = assets/images/rooms/template.png
        ceiling = 0
        item_id = -1
        sky_colour = 0.992157,0.976471,0.949020
        room_colour = 1.000000,0.870588,0.615686
        wall 
        {
            direction = 0
            door = 0
            locked = 0
        }
        wall 
        {
            direction = 2
            door = 0
            locked = 0
        }
    }
    room 6
    {
        src = assets/images/rooms/template.png
        ceiling = 0
        item_id = -1
        sky_colour = 0.992157,0.976471,0.949020
        room_colour = 1.000000,0.870588,0.615686
        wall 
        {
            direction = 0
            door = 0
            locked = 0
        }
    }
    room 7
    {
        src = assets/images/rooms/template.png
        ceiling = 0
        item_id = -1
        sky_colour = 0.992157,0.976471,0.949020
        room_colour = 1.000000,0.870588,0.615686
        wall 
        {
            direction = 0
            door = 0
            locked = 0
        }
        wall 
        {
            direction = 1
            door = 0
            locked = 0
        }
    }
    room 8
    {
        src = assets/images/rooms/template.png
        ceiling = 0
        item_id = -1
        sky_colour = 0.992157,0.976471,0.949020
        room_colour = 1.000000,0.870588,0.615686
        wall 
        {
            direction = 1
            door = 0
            locked = 0
        }
        wall 
        {
            direction = 3
            door = 0
            locked = 0
        }
    }
    room 9
    {
        src = assets/images/rooms/template.png
        ceiling = 1
        item_id = -1
        sky_colour = 0.992157,0.976471,0.949020
        room_colour = 1.000000,0.870588,0.615686
        wall 
        {
            direction = 0
            door = 0
            locked = 0
        }
        wall 
        {
            direction = 2
            door = 1
            locked = 0
        }
        wall 
        {
            direction = 3
            door = 0
            locked = 0
        }
    }
    room 10
    {
        src = assets/images/rooms/template.png
        ceiling = 1
        item_id = -1
        sky_colour = 0.992157,0.976471,0.949020
        room_colour = 1.000000,0.870588,0.615686
        wall 
        {
            direction = 0
            door = 0
            locked = 0
        }
        wall 
        {
            direction = 2
            door = 0
            locked = 0
        }
    }
    room 11
    {
        src = assets/images/rooms/template.png
        ceiling = 1
        item_id = -1
        sky_colour = 0.992157,0.976471,0.949020
        room_colour = 1.000000,0.870588,0.615686
        wall 
        {
            direction = 0
            door = 1
            locked = 0
        }
        wall 
        {
            direction = 1
            door = 0
            locked = 0
        }
        wall 
        {
            direction = 2
            door = 0
            locked = 0
        }
    }
    room 12
    {
        src = assets/images/rooms/template.png
        ceiling = 1
        item_id = -1
        sky_colour = 0.992157,0.976471,0.949020
        room_colour = 1.000000,0.870588,0.615686
        wall 
        {
            direction = 0
            door = 0
            locked = 0
        }
        wall 
        {
            direction = 3
            door = 0
            locked = 0
        }
    }
    room 13
    {
        src = assets/images/rooms/template.png
        ceiling = 1
        item_id = -1
        sky_colour = 0.992157,0.976471,0.949020
        room_colour = 1.000000,0.870588,0.615686
        wall 
        {
            direction = 0
            door = 0
            locked = 0
        }
        wall 
        {
            direction = 1
            door = 0
            locked = 0
        }
        wall 
        {
            direction = 2
            door = 0
            locked = 0
        }
    }
    room 14
    {
        src = assets/images/rooms/template.png
        ceiling = 0
        item_id = -1
        sky_colour = 0.992157,0.976471,0.949020
        room_colour = 1.000000,0.870588,0.615686
        wall 
        {
            direction = 2
            door = 0
            locked = 0
        }
        wall 
        {
            direction = 3
            door = 0
            locked = 0
        }
    }
    room 15
    {
        src = assets/images/rooms/template.png
        ceiling = 0
        item_id = -1
        sky_colour = 0.992157,0.976471,0.949020
        room_colour = 1.000000,0.870588,0.615686
        wall 
        {
            direction = 1
            door = 0
            locked = 0
        }
    }
    room 16
    {
        src = assets/images/rooms/template.png
        ceiling = 0
        item_id = -1
        sky_colour = 0.992157,0.976471,0.949020
        room_colour = 1.000000,0.870588,0.615686
        wall 
        {
            direction = 1
            door = 0
            locked = 0
        }
        wall 
        {
            direction = 3
            door = 0
            locked = 0
        }
    }
    room 17
    {
        src = assets/images/rooms/template.png
        ceiling = 1
        item_id = -1
        sky_colour = 0.992157,0.976471,0.949020
        room_colour = 1.000000,0.870588,0.615686
        wall 
        {
            direction = 0
            door = 1
            locked = 0
        }
        wall 
        {
            direction = 1
            door = 0
            locked = 0
        }
        wall 
        {
            direction = 3
            door = 0
            locked = 0
        }
    }
    room 18
    {
        src = assets/images/rooms/template.png
        ceiling = 1
        item_id = -1
        sky_colour = 0.992157,0.976471,0.949020
        room_colour = 1.000000,0.870588,0.615686
        wall 
        {
            direction = 0
            door = 0
            locked = 0
        }
        wall 
        {
            direction = 3
            door = 0
            locked = 0
        }
    }
    room 19
    {
        src = assets/images/rooms/template.png
        ceiling = 1
        item_id = -1
        sky_colour = 0.992157,0.976471,0.949020
        room_colour = 1.000000,0.870588,0.615686
        wall 
        {
            direction = 0
            door = 0
            locked = 0
        }
        wall 
        {
            direction = 1
            door = 1
            locked = 0
        }
        wall 
        {
            direction = 2
            door = 0
            locked = 0
        }
    }
    room 20
    {
        src = assets/images/rooms/template.png
        ceiling = 1
        item_id = -1
        sky_colour = 0.992157,0.976471,0.949020
        room_colour = 1.000000,0.870588,0.615686
        wall 
        {
            direction = 1
            door = 0
            locked = 0
        }
        wall 
        {
            direction = 2
            door = 0
            locked = 0
        }
        wall 
        {
            direction = 3
            door = 1
            locked = 0
        }
    }
    room 21
    {
        src = assets/images/rooms/template.png
        ceiling = 1
        item_id = -1
        sky_colour = 0.992157,0.976471,0.949020
        room_colour = 1.000000,0.870588,0.615686
        wall 
        {
            direction = 0
            door = 0
            locked = 0
        }
        wall 
        {
            direction = 1
            door = 1
            locked = 0
        }
        wall 
        {
            direction = 3
            door = 0
            locked = 0
        }
    }
    room 22
    {
        src = assets/images/rooms/template.png
        ceiling = 1
        item_id = -1
        sky_colour = 0.992157,0.976471,0.949020
        room_colour = 1.000000,0.870588,0.615686
        wall 
        {
            direction = 0
            door = 0
            locked = 0
        }
        wall 
        {
            direction = 1
            door = 0
            locked = 0
        }
        wall 
        {
            direction = 3
            door = 1
            locked = 0
        }
    }
    room 23
    {
        src = assets/images/rooms/template.png
        ceiling = 0
        item_id = -1
        sky_colour = 0.992157,0.976471,0.949020
        room_colour = 1.000000,0.870588,0.615686
        wall 
        {
            direction = 1
            door = 0
            locked = 0
        }
        wall 
        {
            direction = 3
            door = 0
            locked = 0
        }
    }
    room 24
    {
        src = assets/images/rooms/template.png
        ceiling = 0
        item_id = -1
        sky_colour = 0.992157,0.976471,0.949020
        room_colour = 1.000000,0.870588,0.615686
        wall 
        {
            direction = 1
            door = 0
            locked = 0
        }
        wall 
        {
            direction = 2
            door = 0
            locked = 0
        }
        wall 
        {
            direction = 3
            door = 0
            locked = 0
        }
    }
    room 25
    {
        src = assets/images/rooms/template.png
        ceiling = 1
        item_id = -1
        sky_colour = 0.992157,0.976471,0.949020
        room_colour = 1.000000,0.870588,0.615686
        wall 
        {
            direction = 1
            door = 0
            locked = 0
        }
        wall 
        {
            direction = 3
            door = 0
            locked = 0
        }
    }
    room 26
    {
        src = assets/images/rooms/template.png
        ceiling = 1
        item_id = -1
        sky_colour = 0.992157,0.976471,0.949020
        room_colour = 1.000000,0.870588,0.615686
        wall 
        {
            direction = 3
            door = 0
            locked = 0
        }
    }
    room 27
    {
        src = assets/images/rooms/template.png
        ceiling = 1
        item_id = -1
        sky_colour = 0.992157,0.976471,0.949020
        room_colour = 1.000000,0.870588,0.615686
        wall 
        {
            direction = 0
            door = 0
            locked = 0
        }
        wall 
        {
            direction = 2
            door = 0
            locked = 0
        }
    }
    room 28
    {
        src = assets/images/rooms/template.png
        ceiling = 1
        item_id = -1
        sky_colour = 0.992157,0.976471,0.949020
        room_colour = 1.000000,0.870588,0.615686
        wall 
        {
            direction = 0
            door = 0
            locked = 0
        }
        wall 
        {
            direction = 2
            door = 1
            locked = 1
        }
    }
    room 29
    {
        src = assets/images/rooms/template.png
        ceiling = 1
        item_id = -1
        sky_colour = 0.992157,0.976471,0.949020
        room_colour = 1.000000,0.870588,0.615686
        wall 
        {
            direction = 1
            door = 0
            locked = 0
        }
    }
    room 30
    {
        src = assets/images/rooms/template.png
        ceiling = 1
        item_id = -1
        sky_colour = 0.992157,0.976471,0.949020
        room_colour = 1.000000,0.870588,0.615686
        wall 
        {
            direction = 1
            door = 0
            locked = 0
        }
        wall 
        {
            direction = 3
            door = 0
            locked = 0
        }
    }
    room 31
    {
        src = assets/images/rooms/template.png
        ceiling = 0
        item_id = -1
        sky_colour = 0.992157,0.976471,0.949020
        room_colour = 1.000000,0.870588,0.615686
        wall 
        {
            direction = 1
            door = 0
            locked = 0
        }
        wall 
        {
            direction = 3
            door = 0
            locked = 0
        }
    }
    room 32
    {
        src = assets/images/rooms/template.png
        ceiling = 1
        item_id = -1
        sky_colour = 0.992157,0.976471,0.949020
        room_colour = 1.000000,0.870588,0.615686
        wall 
        {
            direction = 0
            door = 0
            locked = 0
        }
        wall 
        {
            direction = 1
            door = 0
            locked = 0
        }
        wall 
        {
            direction = 3
            door = 0
            locked = 0
        }
    }
    room 33
    {
        src = assets/images/rooms/template.png
        ceiling = 1
        item_id = -1
        sky_colour = 0.992157,0.976471,0.949020
        room_colour = 1.000000,0.870588,0.615686
        wall 
        {
            direction = 1
            door = 1
            locked = 0
        }
        wall 
        {
            direction = 3
            door = 0
            locked = 0
        }
    }
    room 34
    {
        src = assets/images/rooms/template.png
        ceiling = 1
        item_id = -1
        sky_colour = 0.992157,0.976471,0.949020
        room_colour = 1.000000,0.870588,0.615686
        wall 
        {
            direction = 1
            door = 0
            locked = 0
        }
        wall 
        {
            direction = 2
            door = 1
            locked = 0
        }
        wall 
        {
            direction = 3
            door = 1
            locked = 0
        }
    }
    room 35
    {
        src = assets/images/rooms/template.png
        ceiling = 1
        item_id = -1
        sky_colour = 0.992157,0.976471,0.949020
        room_colour = 1.000000,0.870588,0.615686
        wall 
        {
            direction = 0
            door = 0
            locked = 0
        }
        wall 
        {
            direction = 1
            door = 0
            locked = 0
        }
        wall 
        {
            direction = 3
            door = 0
            locked = 0
        }
    }
    room 36
    {
        src = assets/images/rooms/template.png
        ceiling = 1
        item_id = -1
        sky_colour = 0.992157,0.976471,0.949020
        room_colour = 1.000000,0.870588,0.615686
        wall 
        {
            direction = 0
            door = 1
            locked = 0
        }
        wall 
        {
            direction = 1
            door = 0
            locked = 0
        }
        wall 
        {
            direction = 3
            door = 0
            locked = 0
        }
    }
    room 37
    {
        src = assets/images/rooms/template.png
        ceiling = 1
        item_id = -1
        sky_colour = 0.992157,0.976471,0.949020
        room_colour = 1.000000,0.870588,0.615686
        wall 
        {
            direction = 1
            door = 0
            locked = 0
        }
        wall 
        {
            direction = 2
            door = 0
            locked = 0
        }
        wall 
        {
            direction = 3
            door = 0
            locked = 0
        }
    }
    room 38
    {
        src = assets/images/rooms/template.png
        ceiling = 1
        item_id = -1
        sky_colour = 0.992157,0.976471,0.949020
        room_colour = 1.000000,0.870588,0.615686
        wall 
        {
            direction = 1
            door = 0
            locked = 0
        }
        wall 
        {
            direction = 2
            door = 0
            locked = 0
        }
        wall 
        {
            direction = 3
            door = 0
            locked = 0
        }
    }
    room 39
    {
        src = assets/images/rooms/template.png
        ceiling = 0
        item_id = -1
        sky_colour = 0.992157,0.976471,0.949020
        room_colour = 1.000000,0.870588,0.615686
        wall 
        {
            direction = 1
            door = 0
            locked = 0
        }
        wall 
        {
            direction = 3
            door = 0
            locked = 0
        }
    }
    room 40
    {
        src = assets/images/rooms/template.png
        ceiling = 1
        item_id = -1
        sky_colour = 0.992157,0.976471,0.949020
        room_colour = 1.000000,0.870588,0.615686
        wall 
        {
            direction = 2
            door = 0
            locked = 0
        }
        wall 
        {
            direction = 3
            door = 0
            locked = 0
        }
    }
    room 41
    {
        src = assets/images/rooms/template.png
        ceiling = 1
        item_id = -1
        sky_colour = 0.992157,0.976471,0.949020
        room_colour = 1.000000,0.870588,0.615686
        wall 
        {
            direction = 1
            door = 0
            locked = 0
        }
        wall 
        {
            direction = 2
            door = 1
            locked = 0
        }
        prop chair1
        {
            model_src = "assets/models/chair.xmd"
            position = 298.666992,-300.658997
            rotation = 310.251007
        }
        prop drawers1
        {
            model_src = "assets/models/drawers.xmd"
            position = -224.000000,427.252991
            rotation = 180.000000
        }
        prop small_chair1
        {
            model_src = "assets/models/small_chair.xmd"
            position = -384.000000,385.054993
            rotation = 149.246002
        }
        prop sofa1
        {
            model_src = "assets/models/sofa.xmd"
            position = 384.000000,-5.275000
            rotation = 272.260986
        }
        prop wardrobe1
        {
            model_src = "assets/models/wardrobe.xmd"
            position = 437.333008,300.658997
            rotation = 268.643005
        }
    }
    room 42
    {
        src = assets/images/rooms/template.png
        ceiling = 1
        item_id = -1
        sky_colour = 0.992157,0.976471,0.949020
        room_colour = 1.000000,0.870588,0.615686
        wall 
        {
            direction = 0
            door = 1
            locked = 0
        }
        wall 
        {
            direction = 2
            door = 0
            locked = 0
        }
        wall 
        {
            direction = 3
            door = 0
            locked = 0
        }
    }
    room 43
    {
        src = assets/images/rooms/template.png
        ceiling = 1
        item_id = -1
        sky_colour = 0.992157,0.976471,0.949020
        room_colour = 1.000000,0.870588,0.615686
        wall 
        {
            direction = 1
            door = 0
            locked = 0
        }
        wall 
        {
            direction = 2
            door = 0
            locked = 0
        }
    }
    room 44
    {
        src = assets/images/rooms/template.png
        ceiling = 1
        item_id = -1
        sky_colour = 0.992157,0.976471,0.949020
        room_colour = 1.000000,0.870588,0.615686
        wall 
        {
            direction = 3
            door = 0
            locked = 0
        }
    }
    room 45
    {
        src = assets/images/rooms/template.png
        ceiling = 1
        item_id = -1
        sky_colour = 0.992157,0.976471,0.949020
        room_colour = 1.000000,0.870588,0.615686
        wall 
        {
            direction = 0
            door = 0
            locked = 0
        }
        wall 
        {
            direction = 2
            door = 0
            locked = 0
        }
    }
    room 46
    {
        src = assets/images/rooms/template.png
        ceiling = 1
        item_id = -1
        sky_colour = 0.992157,0.976471,0.949020
        room_colour = 1.000000,0.870588,0.615686
        wall 
        {
            direction = 0
            door = 0
            locked = 0
        }
        wall 
        {
            direction = 1
            door = 0
            locked = 0
        }
        wall 
        {
            direction = 2
            door = 0
            locked = 0
        }
    }
    room 47
    {
        src = assets/images/rooms/template.png
        ceiling = 0
        item_id = -1
        sky_colour = 0.992157,0.976471,0.949020
        room_colour = 1.000000,0.870588,0.615686
        wall 
        {
            direction = 1
            door = 0
            locked = 0
        }
        wall 
        {
            direction = 3
            door = 0
            locked = 0
        }
    }
    room 48
    {
        src = assets/images/rooms/template.png
        ceiling = 0
        item_id = -1
        sky_colour = 0.992157,0.976471,0.949020
        room_colour = 1.000000,0.870588,0.615686
        wall 
        {
            direction = 0
            door = 0
            locked = 0
        }
        wall 
        {
            direction = 3
            door = 0
            locked = 0
        }
    }
    room 49
    {
        src = assets/images/rooms/template.png
        ceiling = 0
        item_id = -1
        sky_colour = 0.992157,0.976471,0.949020
        room_colour = 1.000000,0.870588,0.615686
        wall 
        {
            direction = 0
            door = 1
            locked = 0
        }
        wall 
        {
            direction = 1
            door = 0
            locked = 0
        }
    }
    room 50
    {
        src = assets/images/rooms/template.png
        ceiling = 1
        item_id = -1
        sky_colour = 0.992157,0.976471,0.949020
        room_colour = 1.000000,0.870588,0.615686
        wall 
        {
            direction = 0
            door = 0
            locked = 0
        }
        wall 
        {
            direction = 2
            door = 0
            locked = 0
        }
        wall 
        {
            direction = 3
            door = 0
            locked = 0
        }
    }
    room 51
    {
        src = assets/images/rooms/template.png
        ceiling = 1
        item_id = -1
        sky_colour = 0.992157,0.976471,0.949020
        room_colour = 1.000000,0.870588,0.615686
        wall 
        {
            direction = 0
            door = 0
            locked = 0
        }
        wall 
        {
            direction = 2
            door = 0
            locked = 0
        }
    }
    room 52
    {
        src = assets/images/rooms/template.png
        ceiling = 1
        item_id = -1
        sky_colour = 0.992157,0.976471,0.949020
        room_colour = 1.000000,0.870588,0.615686
        wall 
        {
            direction = 1
            door = 0
            locked = 0
        }
        wall 
        {
            direction = 2
            door = 0
            locked = 0
        }
    }
    room 53
    {
        src = assets/images/rooms/template.png
        ceiling = 0
        item_id = -1
        sky_colour = 0.992157,0.976471,0.949020
        room_colour = 1.000000,0.870588,0.615686
        wall 
        {
            direction = 0
            door = 0
            locked = 0
        }
        wall 
        {
            direction = 3
            door = 0
            locked = 0
        }
    }
    room 54
    {
        src = assets/images/rooms/template.png
        ceiling = 0
        item_id = -1
        sky_colour = 0.992157,0.976471,0.949020
        room_colour = 1.000000,0.870588,0.615686
        wall 
        {
            direction = 0
            door = 0
            locked = 0
        }
    }
    room 55
    {
        src = assets/images/rooms/template.png
        ceiling = 0
        item_id = -1
        sky_colour = 0.992157,0.976471,0.949020
        room_colour = 1.000000,0.870588,0.615686
        wall 
        {
            direction = 1
            door = 0
            locked = 0
        }
    }
    room 56
    {
        src = assets/images/rooms/template.png
        ceiling = 0
        item_id = -1
        sky_colour = 0.992157,0.976471,0.949020
        room_colour = 1.000000,0.870588,0.615686
        wall 
        {
            direction = 2
            door = 0
            locked = 0
        }
        wall 
        {
            direction = 3
            door = 0
            locked = 0
        }
    }
    room 57
    {
        src = assets/images/rooms/template.png
        ceiling = 0
        item_id = -1
        sky_colour = 0.992157,0.976471,0.949020
        room_colour = 1.000000,0.870588,0.615686
        wall 
        {
            direction = 2
            door = 0
            locked = 0
        }
    }
    room 58
    {
        src = assets/images/rooms/template.png
        ceiling = 0
        item_id = -1
        sky_colour = 0.992157,0.976471,0.949020
        room_colour = 1.000000,0.870588,0.615686
        wall 
        {
            direction = 0
            door = 0
            locked = 0
        }
        wall 
        {
            direction = 2
            door = 0
            locked = 0
        }
    }
    room 59
    {
        src = assets/images/rooms/template.png
        ceiling = 0
        item_id = -1
        sky_colour = 0.992157,0.976471,0.949020
        room_colour = 1.000000,0.870588,0.615686
        wall 
        {
            direction = 0
            door = 0
            locked = 0
        }
        wall 
        {
            direction = 2
            door = 0
            locked = 0
        }
    }
    room 60
    {
        src = assets/images/rooms/template.png
        ceiling = 0
        item_id = -1
        sky_colour = 0.992157,0.976471,0.949020
        room_colour = 1.000000,0.870588,0.615686
        wall 
        {
            direction = 0
            door = 0
            locked = 0
        }
        wall 
        {
            direction = 2
            door = 0
            locked = 0
        }
    }
    room 61
    {
        src = assets/images/rooms/template.png
        ceiling = 0
        item_id = -1
        sky_colour = 0.992157,0.976471,0.949020
        room_colour = 1.000000,0.870588,0.615686
        wall 
        {
            direction = 2
            door = 0
            locked = 0
        }
    }
    room 62
    {
        src = assets/images/rooms/template.png
        ceiling = 0
        item_id = -1
        sky_colour = 0.992157,0.976471,0.949020
        room_colour = 1.000000,0.870588,0.615686
        wall 
        {
            direction = 2
            door = 0
            locked = 0
        }
    }
    room 63
    {
        src = assets/images/rooms/template.png
        ceiling = 0
        item_id = -1
        sky_colour = 0.992157,0.976471,0.949020
        room_colour = 1.000000,0.870588,0.615686
        wall 
        {
            direction = 1
            door = 0
            locked = 0
        }
        wall 
        {
            direction = 2
            door = 0
            locked = 0
        }
    }
}
